// Jest Snapshot v1, https://goo.gl/fbAQLP

exports[`HomePage is rendering 1`] = `
Array [
  <div
    className="home__section relative min-h-screen px-4"
  >
    <nav
      className="flex justify-between p-4 items-center"
      style={
        Object {
          "alignItems": "center",
          "display": "flex",
          "justifyContent": "space-between",
          "padding": "4px",
        }
      }
    >
      <a
        href="/"
        onClick={[Function]}
      >
        <div
          style={
            Object {
              "backgroundColor": "#fff",
              "border": "1px solid #D16014",
              "borderRadius": "4px",
              "padding": "0.5rem",
            }
          }
        >
          <p
            style={
              Object {
                "color": "#D16014",
                "fontWeight": "bold",
              }
            }
          >
            BREEZER
          </p>
        </div>
      </a>
      <a
        href="/search"
        onClick={[Function]}
      >
        <svg
          fill="currentColor"
          height="1em"
          stroke="currentColor"
          strokeWidth="0"
          style={
            Object {
              "color": "#D16014",
              "fontSize": "1.5rem",
            }
          }
          viewBox="0 0 20 20"
          width="1em"
          xmlns="http://www.w3.org/2000/svg"
        >
          <path
            d="M9 9a2 2 0 114 0 2 2 0 01-4 0z"
          />
          <path
            clipRule="evenodd"
            d="M10 18a8 8 0 100-16 8 8 0 000 16zm1-13a4 4 0 00-3.446 6.032l-2.261 2.26a1 1 0 101.414 1.415l2.261-2.261A4 4 0 1011 5z"
            fillRule="evenodd"
          />
        </svg>
      </a>
    </nav>
    <div
      className="rounded-xl bg-white py-2 pb-4 mb-4 flex flex-col justify-center items-start drop-shadow"
    >
      <div
        className="text-l font-medium text-gray-600 pb-3 border-b border-solid border-gray-300 px-3 w-full "
      >
        <h3
          style={
            Object {
              "padding": " 0.2rem 1rem",
            }
          }
        >
          Home
        </h3>
      </div>
      <div
        className="px-4 pt-3"
      >
        <div />
      </div>
    </div>
    <div>
      <div
        className=" bg-white rounded-2xl drop-shadow-sm mt-3 pt-4 pb-2 font-Roboto"
      >
        <div
          className="flex justify-between pb-3 border-b border-solid border-gray-300 px-3"
        >
          <h3
            style={
              Object {
                "backgroundColor": "#fff",
                "borderRadius": "4px",
                "boxShadow": "rgba(99, 99, 99, 0.2) 0px 2px 8px 0px",
                "margin": "1rem 0",
                "padding": "0.5rem 0.8rem",
              }
            }
          >
            Other Major Cities
          </h3>
        </div>
        <div>
          <ul
            style={
              Object {
                "backgroundColor": "#fff",
                "borderRadius": "4px",
                "boxShadow": "rgba(99, 99, 99, 0.2) 0px 2px 8px 0px",
                "display": "grid",
                "gap": "1rem",
                "gridTemplateColumns": "1fr 1fr",
                "marginBottom": "1rem",
                "padding": "1rem",
              }
            }
          >
            <a
              href="/search/details"
              onClick={[Function]}
            >
              <li
                style={
                  Object {
                    "border": "1px solid grey",
                    "borderRadius": "4px",
                    "display": "flex",
                    "justifyContent": "space-between",
                    "padding": "0.5rem",
                  }
                }
              >
                <p>
                  Amsterdam
                </p>
                <p
                  className="text-gray-600"
                >
                  NL
                </p>
              </li>
            </a>
            <a
              href="/search/details"
              onClick={[Function]}
            >
              <li
                style={
                  Object {
                    "border": "1px solid grey",
                    "borderRadius": "4px",
                    "display": "flex",
                    "justifyContent": "space-between",
                    "padding": "0.5rem",
                  }
                }
              >
                <p>
                  Abuja
                </p>
                <p
                  className="text-gray-600"
                >
                  NG
                </p>
              </li>
            </a>
            <a
              href="/search/details"
              onClick={[Function]}
            >
              <li
                style={
                  Object {
                    "border": "1px solid grey",
                    "borderRadius": "4px",
                    "display": "flex",
                    "justifyContent": "space-between",
                    "padding": "0.5rem",
                  }
                }
              >
                <p>
                  Sydney
                </p>
                <p
                  className="text-gray-600"
                >
                  AU
                </p>
              </li>
            </a>
            <a
              href="/search/details"
              onClick={[Function]}
            >
              <li
                style={
                  Object {
                    "border": "1px solid grey",
                    "borderRadius": "4px",
                    "display": "flex",
                    "justifyContent": "space-between",
                    "padding": "0.5rem",
                  }
                }
              >
                <p>
                  London
                </p>
                <p
                  className="text-gray-600"
                >
                  GB
                </p>
              </li>
            </a>
            <a
              href="/search/details"
              onClick={[Function]}
            >
              <li
                style={
                  Object {
                    "border": "1px solid grey",
                    "borderRadius": "4px",
                    "display": "flex",
                    "justifyContent": "space-between",
                    "padding": "0.5rem",
                  }
                }
              >
                <p>
                  Tunis
                </p>
                <p
                  className="text-gray-600"
                >
                  TN
                </p>
              </li>
            </a>
            <a
              href="/search/details"
              onClick={[Function]}
            >
              <li
                style={
                  Object {
                    "border": "1px solid grey",
                    "borderRadius": "4px",
                    "display": "flex",
                    "justifyContent": "space-between",
                    "padding": "0.5rem",
                  }
                }
              >
                <p>
                  Shanghai
                </p>
                <p
                  className="text-gray-600"
                >
                  CN
                </p>
              </li>
            </a>
          </ul>
        </div>
      </div>
    </div>
    <a
      href="/search"
      onClick={[Function]}
      style={
        Object {
          "display": "flex",
          "justifyContent": "center",
        }
      }
    >
      <span
        style={
          Object {
            "backgroundColor": "#fff",
            "border": "1px solid #D16014",
            "borderRadius": "12px",
            "color": "rgba(0, 0, 0, 0.7)",
            "padding": "0.5rem",
          }
        }
      >
        Search other Locations
      </span>
    </a>
  </div>,
  ",",
]
`;
