// Jest Snapshot v1, https://goo.gl/fbAQLP

exports[`Check if search page is rendering correctly 1`] = `","`;
